Copyright 1986-2022 Xilinx, Inc. All Rights Reserved.
---------------------------------------------------------------------------------------
| Tool Version : Vivado v.2022.2 (win64) Build 3671981 Fri Oct 14 05:00:03 MDT 2022
| Date         : Fri Sep 11 01:52:14 2026
| Host         : Aman_Saji running 64-bit major release  (build 9200)
| Command      : report_control_sets -verbose -file dmembp_top_control_sets_placed.rpt
| Design       : dmembp_top
| Device       : xcvu19p_CIV
---------------------------------------------------------------------------------------

Control Set Information

Table of Contents
-----------------
1. Summary
2. Histogram
3. Flip-Flop Distribution
4. Detailed Control Set Information

1. Summary
----------

+----------------------------------------------------------+-------+
|                          Status                          | Count |
+----------------------------------------------------------+-------+
| Total control sets                                       |     4 |
|    Minimum number of control sets                        |     4 |
|    Addition due to synthesis replication                 |     0 |
|    Addition due to physical synthesis replication        |     0 |
| Unused register locations in slices containing registers |    10 |
+----------------------------------------------------------+-------+
* Control sets can be merged at opt_design using control_set_merge or merge_equivalent_drivers
** Run report_qor_suggestions for automated merging and remapping suggestions


2. Histogram
------------

+--------------------+-------+
|       Fanout       | Count |
+--------------------+-------+
| Total control sets |     4 |
| >= 0 to < 4        |     0 |
| >= 4 to < 6        |     1 |
| >= 6 to < 8        |     0 |
| >= 8 to < 10       |     0 |
| >= 10 to < 12      |     0 |
| >= 12 to < 14      |     0 |
| >= 14 to < 16      |     0 |
| >= 16              |     3 |
+--------------------+-------+
* Control sets can be remapped at either synth_design or opt_design


3. Flip-Flop Distribution
-------------------------

+--------------+-----------------------+------------------------+-----------------+--------------+
| Clock Enable | Synchronous Set/Reset | Asynchronous Set/Reset | Total Registers | Total Slices |
+--------------+-----------------------+------------------------+-----------------+--------------+
| No           | No                    | No                     |               0 |            0 |
| No           | No                    | Yes                    |              26 |           23 |
| No           | Yes                   | No                     |               0 |            0 |
| Yes          | No                    | No                     |               0 |            0 |
| Yes          | No                    | Yes                    |            1308 |          307 |
| Yes          | Yes                   | No                     |               0 |            0 |
+--------------+-----------------------+------------------------+-----------------+--------------+


4. Detailed Control Set Information
-----------------------------------

+----------------+--------------------------------------------+-------------------+------------------+----------------+--------------+
|  Clock Signal  |                Enable Signal               |  Set/Reset Signal | Slice Load Count | Bel Load Count | Bels / Slice |
+----------------+--------------------------------------------+-------------------+------------------+----------------+--------------+
|  clk_IBUF_BUFG | p_0_out                                    | rst_n_IBUF_inst/O |                4 |              5 |         1.25 |
|  clk_IBUF_BUFG |                                            | rst_n_IBUF_inst/O |               23 |             26 |         1.13 |
|  clk_IBUF_BUFG | e_hat_latched[143]_i_1_n_0                 | rst_n_IBUF_inst/O |              142 |            145 |         1.02 |
|  clk_IBUF_BUFG | gen_vnu[138].u_vnu/FSM_onehot_state_reg[1] | rst_n_IBUF_inst/O |              284 |           1158 |         4.08 |
+----------------+--------------------------------------------+-------------------+------------------+----------------+--------------+


